09:08:23 **** Incremental Build of configuration Debug for project LAB1 ****
make -j4 all 
arm-none-eabi-size   LAB1.elf 
   text	   data	    bss	    dec	    hex	filename
   8752	     20	   1636	  10408	   28a8	LAB1.elf
Finished building: default.size.stdout
 
09:08:39 **** Incremental Build of configuration Debug for project LAB1 ****
make -j4 all 
arm-none-eabi-size   LAB1.elf 
   text	   data	    bss	    dec	    hex	filename
   8752	     20	   1636	  10408	   28a8	LAB1.elf
Finished building: default.size.stdout
 
09:09:03 **** Incremental Build of configuration Debug for project LAB1 ****
make -j4 all 
arm-none-eabi-size   LAB1.elf 
   text	   data	    bss	    dec	    hex	filename
   8752	     20	   1636	  10408	   28a8	LAB1.elf
Finished building: default.size.stdout
 
09:09:16 **** Incremental Build of configuration Debug for project LAB1 ****
make -j4 all 
arm-none-eabi-size   LAB1.elf 
   text	   data	    bss	    dec	    hex	filename
   8752	     20	   1636	  10408	   28a8	LAB1.elf
Finished building: default.size.stdout
 
